// Jest Snapshot v1, https://goo.gl/fbAQLP

exports[`<Main /> should render the heading 1`] = `
<main
  class="styles__Wrapper-sc-bimf2c-0 cePIou"
>
  <img
    alt="Imagem de um átomo e React Avançado escrito ao lado."
    class="styles__Logo-sc-bimf2c-1 izUuRJ"
    src="/img/logo.svg"
  />
  <h1
    class="styles__Title-sc-bimf2c-2 bOXYEz"
  >
    React Avançado
  </h1>
  <h2
    class="styles__Description-sc-bimf2c-3 bGxYVA"
  >
    TypeScript, ReactJS, NextJS e Styled Components
  </h2>
  <img
    alt="Um desenvolvedor de frente para uma tela com código."
    class="styles__Illustration-sc-bimf2c-4 psxyN"
    src="/img/hero-illustration.svg"
  />
</main>
`
